[www.captalopharma.co.in/index.html]
[backblue.gif]
[fade.gif]
[index.html]
[st.tistatic.com/ver9413/css/tradeindia/design2017/intlTelInput.css]
[st.tistatic.com/ver9413/js/mobile_site/search.js]
[st.tistatic.com/ver9413/js/utils/jquery-ui/js/jquery_ui_main.js]
[st.tistatic.com/ver9413/bower_components/jquery-ui/themes/smoothness/jquery-ui.min.css]
[st.tistatic.com/ver9413/js/catalog/slick.min.js]
[st.tistatic.com/ver9413/css/catalog/slick.css]
[www.google-analytics.com/analytics.js]
[tiimg.tistatic.com/catalogs/template108581/cate-icon.png]
[tiimg.tistatic.com/catalogs/template108581/enquiry_bg.jpg]
[tiimg.tistatic.com/images/l/1/logo_137465.png]
[tiimg.tistatic.com/catalogs/template140224/go.png]
[tiimg.tistatic.com/catalogs/template140224/call2.png]
[www.captalopharma.co.in/company-profile.html]
[www.captalopharma.co.in/products.html]
[www.captalopharma.co.in/pharmaceutical-suspension.html]
[www.captalopharma.co.in/albendazole-suspension-8179246.html]
[www.captalopharma.co.in/cyproheptadine-syrup-8179247.html]
[www.captalopharma.co.in/domperidone-suspension-8179248.html]
[www.captalopharma.co.in/60-ml-levocetirizine-hydrochloride-and-montelukast-suspension-8179249.html]
[www.captalopharma.co.in/60-ml-pediatric-paracetamol-oral-suspension-ip-8179250.html]
[www.captalopharma.co.in/100-ml-ambroxol-hydrochlorideterbutaline-sulphate-guaiphenesin-and-menthol-syrup-8179251.html]
[www.captalopharma.co.in/60-ml-bromhexine-hcl-terbutaline-sulphate-guaiphenesin-and-menthol-syrup-8179253.html]
[www.captalopharma.co.in/60-ml-paracetamol-phenylephrine-hydrochloride-and-chlorpheniramine-maleate-syrup-8179254.html]
[www.captalopharma.co.in/60-ml-hbr-phenylephrine-hcl-and-chlorpheniramine-maleate-syrup-8179255.html]
[www.captalopharma.co.in/60-ml-paracetamol-phenylephrine-hydrochloride-and-chlorpheniramine-maleate-syrup-8179256.html]
[www.captalopharma.co.in/100-ml-levosalbutamol-ambroxol-hydrochloride-and-guaiphenesin-syrup-8179257.html]
[www.captalopharma.co.in/60-ml-mefenamic-acid-and-paracetamol-suspension-8179258.html]
[www.captalopharma.co.in/200-ml-lactulose-solution-usp-8179259.html]
[www.captalopharma.co.in/200-ml-cyproheptadine-hydrochloride-tricholine-citrate-and-sorbitol-syrup-8179260.html]
[www.captalopharma.co.in/ondansetron-hydrochloride-oral-solution-8179261.html]
[www.captalopharma.co.in/170-ml-milk-of-magnesia-liquid-paraffin-with-sodium-picosuphate-suspension-8179262.html]
[www.captalopharma.co.in/pharmaceutical-ointment.html]
[www.captalopharma.co.in/betamethasone-valerate-cream-bp-8179263.html]
[www.captalopharma.co.in/30-gm-diclofenac-diethylamine-oleum-lini-methyl-salicylate-capsaicin-and-menthol-gel-8179264.html]
[www.captalopharma.co.in/15-gm-luliconazole-cream-8179265.html]
[www.captalopharma.co.in/15-gm-clobetasol-propionate-neomycin-sulphate-tolnaftate-iodochlorhydroxyquinoline-and-ketoconazole-cream-8179266.html]
[www.captalopharma.co.in/glutamine-powder-8179268.html]
[www.captalopharma.co.in/medical-quality-management-system-8179269.html]
[www.captalopharma.co.in/medical-technology-transfer-service-8179279.html]
[www.captalopharma.co.in/medical-pharma-export-division-service-8179275.html]
[www.captalopharma.co.in/medical-product-development-service-8179276.html]
[www.captalopharma.co.in/contact-us.html]
[cpimg.tistatic.com/137465/6/template_photo_1.jpg]
[cpimg.tistatic.com/137465/6/template_photo_2.jpg]
[cpimg.tistatic.com/137465/6/template_photo_3.jpg]
[cpimg.tistatic.com/137465/6/template_photo_4.jpg]
[cpimg.tistatic.com/08179253/b/4/60-ML-Bromhexine-HCL-Terbutaline-Sulphate-Guaiphenesin-Menthol-Syrup.jpg]
[cpimg.tistatic.com/08179255/b/4/60-ML-HBR-Phenylephrine-HCL-Chlorpheniramine-Maleate-Syrup.jpg]
[www.captalopharma.co.in/contact-usfe5a.html]
[www.captalopharma.co.in/contact-use65a.html]
[cpimg.tistatic.com/08179259/b/4/200-ML-Lactulose-Solution-USP.jpg]
[cpimg.tistatic.com/08179249/b/4/60-ML-Levocetirizine-Hydrochloride-Montelukast-Suspension.jpg]
[www.captalopharma.co.in/contact-use3aa.html]
[www.captalopharma.co.in/contact-us052e.html]
[cpimg.tistatic.com/08179265/b/4/15-GM-Luliconazole-Cream.jpg]
[www.captalopharma.co.in/contact-usd970.html]
[cpimg.tistatic.com/08179268/b/4/Glutamine-Powder.jpg]
[cpimg.tistatic.com/137465/6/template_photo_5.jpg]
[www.captalopharma.co.in/contact-us3571.html]
[cpimg.tistatic.com/137465/6/template_photo_6.jpg]
[cpimg.tistatic.com/08179257/b/4/100-ML-Levosalbutamol-Ambroxol-Hydrochloride-Guaiphenesin-Syrup.jpg]
[cpimg.tistatic.com/08179260/b/4/200-ML-Cyproheptadine-Hydrochloride-Tricholine-Citrate-Sorbitol-Syrup.jpg]
[www.captalopharma.co.in/contact-usf7fb.html]
[cpimg.tistatic.com/08179262/b/4/170-ML-Milk-Of-Magnesia-Liquid-Paraffin-With-Sodium-Picosuphate-Suspension.jpg]
[www.captalopharma.co.in/contact-us9c7c.html]
[www.captalopharma.co.in/contact-us14a4.html]
[cpimg.tistatic.com/08179250/b/4/60-ML-Pediatric-Paracetamol-Oral-Suspension-IP.jpg]
[cpimg.tistatic.com/08179258/b/4/60-ML-Mefenamic-Acid-Paracetamol-Suspension.jpg]
[www.captalopharma.co.in/contact-us708f.html]
[www.captalopharma.co.in/contact-us90d6.html]
[cpimg.tistatic.com/08179264/b/4/30-GM-Diclofenac-Diethylamine-Oleum-Lini-Methyl-Salicylate-Capsaicin-Menthol-Gel.jpg]
[www.captalopharma.co.in/contact-usdd63.html]
[tiimg.tistatic.com/catalogs/template140224/add-icon.png]
[tiimg.tistatic.com/catalogs/template140224/key-icon.png]
[st.tistatic.com/ver9413/js/utils/tooltip/wz_tooltip.js]
[st.tistatic.com/ver9413/js/utils/tooltip/tip_balloon.js]
[tiimg.tistatic.com/catalogs/template140224/inquiry-icon.png]
[www.captalopharma.co.in/utils/sms_nowa516.html]
[tiimg.tistatic.com/catalogs/template140224/email.png]
[tiimg.tistatic.com/new_website1/tradeindiamember.jpg]
[www.captalopharma.co.in/sitemap.html]
[tiimg.tistatic.com/catalogs/js/140224/theme.js]
[tiimg.tistatic.com/fm/6673643/up.png]
[st.tistatic.com/ver9413/js/tradeindia/design2017/intlTelInput.js]
[st.tistatic.com/ver9413/js/payments/jquery.validate.js]
[st.tistatic.com/ver9413/css/catalog/request_a_callback.css]
[www.captalopharma.co.in/component/utils/attachment_popup65d5.html]
[tiimg.tistatic.com/new_website1/catalogs/common-icons/Arrow.jpg]
[www.captalopharma.co.in/index.html]
[tiimg.tistatic.com/new_website1/ti-design-2017/images/flags/flags.png]
[tiimg.tistatic.com/new_website1/ti-design-2017/images/flags/flags@2x.png]
[st.tistatic.com/ver9413/css/tradeindia/design2017/intlTelInput.css]
[st.tistatic.com/ver9413/bower_components/jquery-ui/themes/smoothness/images/ui-bg_highlight-soft_75_cccccc_1x100.png]
[st.tistatic.com/ver9413/bower_components/jquery-ui/themes/smoothness/images/ui-bg_glass_75_e6e6e6_1x400.png]
[st.tistatic.com/ver9413/bower_components/jquery-ui/themes/smoothness/images/ui-bg_glass_75_dadada_1x400.png]
[st.tistatic.com/ver9413/bower_components/jquery-ui/themes/smoothness/images/ui-bg_glass_65_ffffff_1x400.png]
[st.tistatic.com/ver9413/bower_components/jquery-ui/themes/smoothness/images/ui-bg_glass_55_fbf9ee_1x400.png]
[st.tistatic.com/ver9413/bower_components/jquery-ui/themes/smoothness/images/ui-bg_glass_95_fef1ec_1x400.png]
[st.tistatic.com/ver9413/bower_components/jquery-ui/themes/smoothness/images/ui-icons_222222_256x240.png]
[st.tistatic.com/ver9413/bower_components/jquery-ui/themes/smoothness/images/ui-icons_454545_256x240.png]
[st.tistatic.com/ver9413/bower_components/jquery-ui/themes/smoothness/images/ui-icons_2e83ff_256x240.png]
[st.tistatic.com/ver9413/bower_components/jquery-ui/themes/smoothness/images/ui-icons_cd0a0a_256x240.png]
[st.tistatic.com/ver9413/bower_components/jquery-ui/themes/smoothness/images/ui-icons_888888_256x240.png]
[st.tistatic.com/ver9413/bower_components/jquery-ui/themes/smoothness/jquery-ui.min.css]
[st.tistatic.com/ver9413/css/catalog/slick.css]
[www.captalopharma.co.in/Trident/index.html]
[www.captalopharma.co.in/theme1/lang-arrow.html]
[www.captalopharma.co.in/theme1/nav-divider.html]
[www.captalopharma.co.in/theme1/go.html]
[www.captalopharma.co.in/theme1/cross-btn.html]
[cpimg.tistatic.com/137465/6/template_photo_company-profile.jpg]
[www.captalopharma.co.in/company-profile.html]
[tiimg.tistatic.com/catalogs/template140224/cate-icon.png]
[tiimg.tistatic.com/catalogs/template140224/enquiry_bg_hover.jpg]
[tiimg.tistatic.com/catalogs/template140224/enquiry_bg.jpg]
[cpimg.tistatic.com/137465/6/template_photo_products.jpg]
[cpimg.tistatic.com/08179261/b/4/Ondansetron-Hydrochloride-Oral-Solution.jpg]
[cpimg.tistatic.com/08179263/b/4/Betamethasone-Valerate-Cream-BP.jpg]
[cpimg.tistatic.com/08179269/b/4/Medical-Quality-Management-System.jpg]
[cpimg.tistatic.com/08179279/b/4/Medical-Technology-Transfer-Service.jpg]
[cpimg.tistatic.com/08179275/b/4/Medical-Pharma-Export-Division-Service.jpg]
[cpimg.tistatic.com/08179276/b/4/Medical-Product-Development-Service.jpg]
[www.captalopharma.co.in/products.html]
[st.tistatic.com/ver9413/css/catalog/breadcrumb.css]
[st.tistatic.com/ver9413/css/catalog_send_inquiry/inquiry_popup.css]
[st.tistatic.com/ver9413/css/catalog_category_page/full_list_view.css]
[cpimg.tistatic.com/08179246/b/4/Albendazole-Suspension.jpg]
[cpimg.tistatic.com/08179247/b/4/Cyproheptadine-Syrup.jpg]
[cpimg.tistatic.com/08179248/b/4/Domperidone-Suspension.jpg]
[cpimg.tistatic.com/08179251/b/4/100-ML-Ambroxol-HydrochlorideTerbutaline-Sulphate-Guaiphenesin-Menthol-Syrup.jpg]
[cpimg.tistatic.com/08179254/b/4/60-ML-Paracetamol-Phenylephrine-Hydrochloride-Chlorpheniramine-Maleate-Syrup.jpg]
[cpimg.tistatic.com/08179256/b/4/60-ML-Paracetamol-Phenylephrine-Hydrochloride-Chlorpheniramine-Maleate-Syrup.jpg]
[st.tistatic.com/ver9413/js/catalog_send_inquiry/inquiry_popup.js]
[www.captalopharma.co.in/pharmaceutical-suspension.html]
[st.tistatic.com/ver9413/css/catalog/get-price.css]
[orig-st-gce.tradeindia.com/ver9413/js/utils/jquery.js]
[orig-st-gce.tradeindia.com/ver9413/js/inquiry-form.js]
[orig-st-gce.tradeindia.com/ver9413/js/utils/tooltip/wz_tooltip.js]
[orig-st-gce.tradeindia.com/ver9413/js/utils/tooltip/tip_balloon.js]
[orig-st-gce.tradeindia.com/ver9413/js/payments/jquery.validate.js]
[orig-st-gce.tradeindia.com/ver9413/js/utils/jquery-plugins/jquery.cookie.js]
[orig-st-gce.tradeindia.com/ver9413/js/tradeindia/design2017/intlTelInput.js]
[orig-img-gce.tradeindia.com/catalogs/template140224/cate-icon.png]
[orig-img-gce.tradeindia.com/catalogs/template140224/enquiry_bg_hover.jpg]
[orig-img-gce.tradeindia.com/catalogs/template140224/enquiry_bg.jpg]
[orig-st-gce.tradeindia.com/ver9413/js/mobile_site/search.js]
[orig-st-gce.tradeindia.com/ver9413/js/utils/jquery-ui/js/jquery_ui_main.js]
[orig-st-gce.tradeindia.com/ver9413/js/catalog/slick.min.js]
[orig-img-gce.tradeindia.com/catalogs/template108581/cate-icon.png]
[orig-img-gce.tradeindia.com/catalogs/template108581/enquiry_bg.jpg]
[orig-img-gce.tradeindia.com/images/l/1/logo_137465.png]
[orig-img-gce.tradeindia.com/catalogs/template140224/go.png]
[orig-img-gce.tradeindia.com/catalogs/template140224/call2.png]
[orig-st-gce.tradeindia.com/ver9413/js/catalog/custom_function.js]
[orig-st-gce.tradeindia.com/ver9413/js/catalog/jssocials.min.js]
[opimg-gce.tradeindia.com/08179246/b/4/Albendazole-Suspension.jpg]
[www.captalopharma.co.in/Exporters_Suppliers/Exporters/hp/scripts/send_inquiry_popupb456.html]
[www.captalopharma.co.in/component/utils/attachment_popup8057.html]
[orig-img-gce.tradeindia.com/new_website1/catalogs/common-icons/Arrow.png]
[opimg-gce.tradeindia.com/08179253/b/4/60-ML-Bromhexine-HCL-Terbutaline-Sulphate-Guaiphenesin-Menthol-Syrup9365.jpg]
[opimg-gce.tradeindia.com/08179256/b/4/60-ML-Paracetamol-Phenylephrine-Hydrochloride-Chlorpheniramine-Maleate-Syrup9365.jpg]
[opimg-gce.tradeindia.com/08179255/b/4/60-ML-HBR-Phenylephrine-HCL-Chlorpheniramine-Maleate-Syrup9365.jpg]
[opimg-gce.tradeindia.com/08179247/b/4/Cyproheptadine-Syrup9365.jpg]
[orig-img-gce.tradeindia.com/catalogs/template140224/add-icon.png]
[orig-img-gce.tradeindia.com/catalogs/template140224/key-icon.png]
[orig-img-gce.tradeindia.com/catalogs/template140224/inquiry-icon.png]
[orig-img-gce.tradeindia.com/catalogs/template140224/email.png]
[orig-img-gce.tradeindia.com/new_website1/tradeindiamember.gif]
[orig-img-gce.tradeindia.com/fm/6673643/up.png]
[www.captalopharma.co.in/albendazole-suspension-8179246.html]
[st.tistatic.com/ver9413/js/utils/jquery.js]
[st.tistatic.com/ver9413/js/inquiry-form.js]
[st.tistatic.com/ver9413/js/utils/jquery-plugins/jquery.cookie.js]
[st.tistatic.com/ver9413/css/contact_us_form.css]
[st.tistatic.com/ver9413/css/catalog/theme1.css]
[st.tistatic.com/ver9413/css/catalog/jssocials.css]
[st.tistatic.com/ver9413/js/catalog/custom_function.js]
[st.tistatic.com/ver9413/js/catalog/jssocials.min.js]
[st.tistatic.com/ver9413/css/catalog/fixed_send_inq.css]
[cpimg.tistatic.com/08179249/b/4/60-ML-Levocetirizine-Hydrochloride-Montelukast-Suspension9365.jpg]
[cpimg.tistatic.com/08179255/b/4/60-ML-HBR-Phenylephrine-HCL-Chlorpheniramine-Maleate-Syrup9365.jpg]
[cpimg.tistatic.com/08179250/b/4/60-ML-Pediatric-Paracetamol-Oral-Suspension-IP9365.jpg]
[cpimg.tistatic.com/08179251/b/4/100-ML-Ambroxol-HydrochlorideTerbutaline-Sulphate-Guaiphenesin-Menthol-Syrup9365.jpg]
[www.captalopharma.co.in/cyproheptadine-syrup-8179247.html]
[cpimg.tistatic.com/08179253/b/4/60-ML-Bromhexine-HCL-Terbutaline-Sulphate-Guaiphenesin-Menthol-Syrup9365.jpg]
[cpimg.tistatic.com/08179259/b/4/200-ML-Lactulose-Solution-USP9365.jpg]
[www.captalopharma.co.in/domperidone-suspension-8179248.html]
[opimg-gce.tradeindia.com/08179249/b/4/60-ML-Levocetirizine-Hydrochloride-Montelukast-Suspension.jpg]
[opimg-gce.tradeindia.com/08179254/b/4/60-ML-Paracetamol-Phenylephrine-Hydrochloride-Chlorpheniramine-Maleate-Syrup9365.jpg]
[opimg-gce.tradeindia.com/08179250/b/4/60-ML-Pediatric-Paracetamol-Oral-Suspension-IP9365.jpg]
[www.captalopharma.co.in/60-ml-levocetirizine-hydrochloride-and-montelukast-suspension-8179249.html]
[opimg-gce.tradeindia.com/08179250/b/4/60-ML-Pediatric-Paracetamol-Oral-Suspension-IP.jpg]
[opimg-gce.tradeindia.com/08179249/b/4/60-ML-Levocetirizine-Hydrochloride-Montelukast-Suspension9365.jpg]
[opimg-gce.tradeindia.com/08179251/b/4/100-ML-Ambroxol-HydrochlorideTerbutaline-Sulphate-Guaiphenesin-Menthol-Syrup9365.jpg]
[opimg-gce.tradeindia.com/08179246/b/4/Albendazole-Suspension9365.jpg]
[www.captalopharma.co.in/60-ml-pediatric-paracetamol-oral-suspension-ip-8179250.html]
[opimg-gce.tradeindia.com/08179251/b/4/100-ML-Ambroxol-HydrochlorideTerbutaline-Sulphate-Guaiphenesin-Menthol-Syrup.jpg]
[opimg-gce.tradeindia.com/08179257/b/4/100-ML-Levosalbutamol-Ambroxol-Hydrochloride-Guaiphenesin-Syrup9365.jpg]
[opimg-gce.tradeindia.com/08179262/b/4/170-ML-Milk-Of-Magnesia-Liquid-Paraffin-With-Sodium-Picosuphate-Suspension9365.jpg]
[www.captalopharma.co.in/100-ml-ambroxol-hydrochlorideterbutaline-sulphate-guaiphenesin-and-menthol-syrup-8179251.html]
[cpimg.tistatic.com/08179248/b/4/Domperidone-Suspension9365.jpg]
[cpimg.tistatic.com/08179261/b/4/Ondansetron-Hydrochloride-Oral-Solution9365.jpg]
[www.captalopharma.co.in/60-ml-bromhexine-hcl-terbutaline-sulphate-guaiphenesin-and-menthol-syrup-8179253.html]
[cpimg.tistatic.com/08179246/b/4/Albendazole-Suspension9365.jpg]
[cpimg.tistatic.com/08179247/b/4/Cyproheptadine-Syrup9365.jpg]
[www.captalopharma.co.in/60-ml-paracetamol-phenylephrine-hydrochloride-and-chlorpheniramine-maleate-syrup-8179254.html]
[cpimg.tistatic.com/08179256/b/4/60-ML-Paracetamol-Phenylephrine-Hydrochloride-Chlorpheniramine-Maleate-Syrup9365.jpg]
[cpimg.tistatic.com/08179257/b/4/100-ML-Levosalbutamol-Ambroxol-Hydrochloride-Guaiphenesin-Syrup9365.jpg]
[www.captalopharma.co.in/60-ml-hbr-phenylephrine-hcl-and-chlorpheniramine-maleate-syrup-8179255.html]
[opimg-gce.tradeindia.com/08179256/b/4/60-ML-Paracetamol-Phenylephrine-Hydrochloride-Chlorpheniramine-Maleate-Syrup.jpg]
[www.captalopharma.co.in/60-ml-paracetamol-phenylephrine-hydrochloride-and-chlorpheniramine-maleate-syrup-8179256.html]
[cpimg.tistatic.com/08179254/b/4/60-ML-Paracetamol-Phenylephrine-Hydrochloride-Chlorpheniramine-Maleate-Syrup9365.jpg]
[www.captalopharma.co.in/100-ml-levosalbutamol-ambroxol-hydrochloride-and-guaiphenesin-syrup-8179257.html]
[cpimg.tistatic.com/08179262/b/4/170-ML-Milk-Of-Magnesia-Liquid-Paraffin-With-Sodium-Picosuphate-Suspension9365.jpg]
[www.captalopharma.co.in/60-ml-mefenamic-acid-and-paracetamol-suspension-8179258.html]
[www.captalopharma.co.in/200-ml-lactulose-solution-usp-8179259.html]
[opimg-gce.tradeindia.com/08179260/b/4/200-ML-Cyproheptadine-Hydrochloride-Tricholine-Citrate-Sorbitol-Syrup.jpg]
[www.captalopharma.co.in/200-ml-cyproheptadine-hydrochloride-tricholine-citrate-and-sorbitol-syrup-8179260.html]
[opimg-gce.tradeindia.com/08179261/b/4/Ondansetron-Hydrochloride-Oral-Solution.jpg]
[www.captalopharma.co.in/ondansetron-hydrochloride-oral-solution-8179261.html]
[www.captalopharma.co.in/170-ml-milk-of-magnesia-liquid-paraffin-with-sodium-picosuphate-suspension-8179262.html]
[cpimg.tistatic.com/08179266/b/4/15-GM-Clobetasol-Propionate-Neomycin-Sulphate-Tolnaftate-Iodochlorhydroxyquinoline-Ketoconazole-Cream.jpg]
[www.captalopharma.co.in/pharmaceutical-ointment.html]
[cpimg.tistatic.com/08179280/s/4/extra-08179280.jpg]
[cpimg.tistatic.com/08179281/s/4/extra-08179281.jpg]
[cpimg.tistatic.com/08179282/s/4/extra-08179282.jpg]
[cpimg.tistatic.com/08179283/s/4/extra-08179283.jpg]
[cpimg.tistatic.com/08179284/s/4/extra-08179284.jpg]
[cpimg.tistatic.com/08179280/b/4/extra-08179280.jpg]
[cpimg.tistatic.com/08179281/b/4/extra-08179281.jpg]
[cpimg.tistatic.com/08179282/b/4/extra-08179282.jpg]
[cpimg.tistatic.com/08179283/b/4/extra-08179283.jpg]
[cpimg.tistatic.com/08179284/b/4/extra-08179284.jpg]
[cpimg.tistatic.com/08179264/b/4/30-GM-Diclofenac-Diethylamine-Oleum-Lini-Methyl-Salicylate-Capsaicin-Menthol-Gel9365.jpg]
[cpimg.tistatic.com/08179265/b/4/15-GM-Luliconazole-Cream9365.jpg]
[cpimg.tistatic.com/08179266/b/4/15-GM-Clobetasol-Propionate-Neomycin-Sulphate-Tolnaftate-Iodochlorhydroxyquinoline-Ketoconazole-Cream9365.jpg]
[www.captalopharma.co.in/betamethasone-valerate-cream-bp-8179263.html]
[cpimg.tistatic.com/08179263/b/4/Betamethasone-Valerate-Cream-BP9365.jpg]
[www.captalopharma.co.in/30-gm-diclofenac-diethylamine-oleum-lini-methyl-salicylate-capsaicin-and-menthol-gel-8179264.html]
[www.captalopharma.co.in/15-gm-luliconazole-cream-8179265.html]
[www.captalopharma.co.in/15-gm-clobetasol-propionate-neomycin-sulphate-tolnaftate-iodochlorhydroxyquinoline-and-ketoconazole-cream-8179266.html]
[www.captalopharma.co.in/glutamine-powder-8179268.html]
[opimg-gce.tradeindia.com/08179269/b/4/Medical-Quality-Management-System.jpg]
[www.captalopharma.co.in/medical-quality-management-system-8179269.html]
[www.captalopharma.co.in/medical-technology-transfer-service-8179279.html]
[www.captalopharma.co.in/medical-pharma-export-division-service-8179275.html]
[www.captalopharma.co.in/medical-product-development-service-8179276.html]
[opimg-gce.tradeindia.com/137465/6/template_photo_contact-us.jpg]
[orig-img-gce.tradeindia.com/new_website1/design2023/catalog/successfully-done.gif]
[orig-st-gce.tradeindia.com/ver9299/js/tradeindia/design2017/intlTelInput.js]
[www.captalopharma.co.in/contact-us.html]
[www.captalopharma.co.in/contact-usfe5a.html]
[www.captalopharma.co.in/contact-use65a.html]
[www.captalopharma.co.in/contact-use3aa.html]
[www.captalopharma.co.in/contact-us052e.html]
[www.captalopharma.co.in/contact-usd970.html]
[www.captalopharma.co.in/contact-us3571.html]
[www.captalopharma.co.in/contact-usf7fb.html]
[www.captalopharma.co.in/contact-us9c7c.html]
[www.captalopharma.co.in/contact-us14a4.html]
[www.captalopharma.co.in/contact-us708f.html]
[www.captalopharma.co.in/contact-us90d6.html]
[www.captalopharma.co.in/contact-usdd63.html]
[st.tistatic.com/ver9413/combine_css_js74fa.css]
[st.tistatic.com/ver9413/js/c2c/CallmePopup.js]
[st.tistatic.com/ver9413/combine_css_jsc64b.css]
[st.tistatic.com/ver9413/combine_css_js6da1.php]
[st.tistatic.com/ver9413/combine_css_jscc4f.css]
[st.tistatic.com/ver9413/combine_css_js56b2.php]
[st.tistatic.com/ver9413/js/utils/jquery-ui/images/pbar-ani.gif]
[tiimg.tistatic.com/new_website1/common/send-sms.jpg]
[st.tistatic.com/ver9413/combine_css_js3fe6.php]
[www.googleadservices.com/pagead/f.txt]
[www.captalopharma.co.in/utils/sms_nowa516.html]
[www.captalopharma.co.in/sitemap.html]
[tiimg.tistatic.com/new_website1/ti-design/images/down-arrow-icon.png]
[st.tistatic.com/ver9413/css/catalog/request_a_callback.css]
[img.tradeindia.com/new_website1/general/closebutton.gif]
[www.captalopharma.co.in/component/utils/attachment_popup65d5.html]
[st.tistatic.com/ver9413/css/catalog/breadcrumb.css]
[st.tistatic.com/ver9413/css/catalog_send_inquiry/inquiry_popup.css]
[st.tistatic.com/ver9413/css/catalog_category_page/full_list_view.css]
[st.tistatic.com/ver9413/css/catalog/get-price.css]
[thestagingurl.tradeindia.com/custom_headers/gallery/dist/simple-lightbox.html]
[tiimg.tistatic.com/new_website1/common/send-inq.jpg]
[orig-st-gce.tradeindia.com/ver9413/css/contact_us_form.css]
[tiimg.tistatic.com/new_website1/showroom-page/left-arrow.png]
[tiimg.tistatic.com/new_website1/showroom-page/right-arrow.png]
[tiimg.tistatic.com/new_website1/ti-design/catalog/images/video-icon.png]
[orig-st-gce.tradeindia.com/ver9413/css/catalog/theme1.css]
[orig-st-gce.tradeindia.com/ver9413/css/tradeindia/design2017/intlTelInput.css]
[orig-st-gce.tradeindia.com/ver9413/bower_components/jquery-ui/themes/smoothness/images/ui-bg_highlight-soft_75_cccccc_1x100.png]
[orig-st-gce.tradeindia.com/ver9413/bower_components/jquery-ui/themes/smoothness/images/ui-bg_glass_75_e6e6e6_1x400.png]
[orig-st-gce.tradeindia.com/ver9413/bower_components/jquery-ui/themes/smoothness/images/ui-bg_glass_75_dadada_1x400.png]
[orig-st-gce.tradeindia.com/ver9413/bower_components/jquery-ui/themes/smoothness/images/ui-bg_glass_65_ffffff_1x400.png]
[orig-st-gce.tradeindia.com/ver9413/bower_components/jquery-ui/themes/smoothness/images/ui-bg_glass_55_fbf9ee_1x400.png]
[orig-st-gce.tradeindia.com/ver9413/bower_components/jquery-ui/themes/smoothness/images/ui-bg_glass_95_fef1ec_1x400.png]
[orig-st-gce.tradeindia.com/ver9413/bower_components/jquery-ui/themes/smoothness/images/ui-icons_222222_256x240.png]
[orig-st-gce.tradeindia.com/ver9413/bower_components/jquery-ui/themes/smoothness/images/ui-icons_454545_256x240.png]
[orig-st-gce.tradeindia.com/ver9413/bower_components/jquery-ui/themes/smoothness/images/ui-icons_2e83ff_256x240.png]
[orig-st-gce.tradeindia.com/ver9413/bower_components/jquery-ui/themes/smoothness/images/ui-icons_cd0a0a_256x240.png]
[orig-st-gce.tradeindia.com/ver9413/bower_components/jquery-ui/themes/smoothness/images/ui-icons_888888_256x240.png]
[orig-st-gce.tradeindia.com/ver9413/bower_components/jquery-ui/themes/smoothness/jquery-ui.min.css]
[orig-st-gce.tradeindia.com/ver9413/css/catalog/slick.css]
[orig-st-gce.tradeindia.com/ver9413/css/catalog/jssocials.css]
[orig-st-gce.tradeindia.com/ver9413/css/catalog/breadcrumb.css]
[st.tistatic.com/ver9413/css/inquiry-form-popup.css]
[st.tistatic.com/ver9413/js/utils/jquery-ui/css/sunny/jquery_ui_sunny.css]
[st.tistatic.com/ver9413/js/catalog/send_inquiry.js]
[www.captalopharma.co.in/Exporters_Suppliers/Exporters/hp/scripts/send_inquiry_popupb456.html]
[orig-st-gce.tradeindia.com/ver9413/css/catalog/fixed_send_inq.css]
[www.captalopharma.co.in/component/utils/attachment_popup8057.html]
[orig-st-gce.tradeindia.com/ver9413/css/catalog/request_a_callback.css]
[orig-st-gce.tradeindia.com/ver9413/css/catalog/get-price.css]
[st.tistatic.com/ver9413/css/contact_us_form.css]
[st.tistatic.com/ver9413/js/tradeindia/design2017/seller-profile/jquery-ui-min.js]
[st.tistatic.com/ver9413/css/catalog/theme1.css]
[st.tistatic.com/ver9413/css/catalog/jssocials.css]
[st.tistatic.com/ver9413/css/catalog/fixed_send_inq.css]
[orig-st-gce.tradeindia.com/ver9413/css/catalog/contact_us_new_min.css]
[orig-st-gce.tradeindia.com/ver9413/js/utils/jquery-ui/css/sunny/jquery_ui_sunny.css]
[img.tradeindia.com/new_website1/ti-design-2017/images/down-arrow.png]
[orig-st-gce.tradeindia.com/ver9413/css/inquiry-form.css]
[tiimg.tistatic.com/new_website1/ti-new-design-ver3/send-sms-icon.png]
[tiimg.tistatic.com/new_website1/ti-new-design-ver3/template-sprite-v1.png]
[tiimg.tistatic.com/new_website1/ti-new-design-ver3/list-arrow.png]
[tiimg.tistatic.com/new_website1/ti-new-design-ver3/buyer-section-icon.png]
[tiimg.tistatic.com/new_website1/ti-new-design-ver3/search-icon.jpg]
[tiimg.tistatic.com/new_website1/common/form_input.jpg]
[tiimg.tistatic.com/new_website1/common/tips-arow.png]
[tiimg.tistatic.com/new_website1/ti-homepage-ver4/header-images/mobile-app-icon.jpg]
[tiimg.tistatic.com/new_website1/ti-new-design-ver3/footer-base-line.jpg]
[st.tistatic.com/ver9413/combine_css_js74fa.css]
[tiimg.tistatic.com/tradeindia.com/2008/images/c.jpg]
[tiimg.tistatic.com/tradeindia.com/2008/images/b.jpg]
[st.tistatic.com/ver9413/combine_css_jsc64b.css]
[tiimg.tistatic.com/new_website1/ti-homepage-ver4/flags16.png]
[st.tistatic.com/ver9413/combine_css_jscc4f.css]
[orig-st-gce.tradeindia.com/ver9413/css/catalog/sitemap.css]
[orig-st-gce.tradeindia.com/ver9413/css/images/left-arrow.html]
[orig-st-gce.tradeindia.com/ver9413/css/images/right-arrow.html]
[st.tistatic.com/ver9413/css/inquiry-form-popup.css]
[st.tistatic.com/ver9413/js/utils/jquery-ui/css/sunny/jquery_ui_sunny.css]
[st.tistatic.com/ver9413/css/images/left-arrow.html]
[st.tistatic.com/ver9413/css/images/right-arrow.html]
[st.tistatic.com/ver9413/chromebg.html]
[st.tistatic.com/ver9413/chromebg-over.html]
[st.tistatic.com/ver9413/ie-css3.html]
